start 1785473331.471054000
data: {"id":"chatcmpl-cb5e84b6","object":"chat.completion.chunk","created":0,"model":"keepalive","choices":[{"index":0,"delta":{"role":"assistant","content":""},"finish_reason":null}]}

data: {"id":"chatcmpl-cb5e84b6","object":"chat.completion.chunk","created":1785473331,"model":"MiniMax-M2.7-3bit","choices":[{"index":0,"delta":{"role":"assistant"}}]}

data: {"id":"chatcmpl-cb5e84b6","object":"chat.completion.chunk","created":1785473332,"model":"MiniMax-M2.7-3bit","choices":[{"index":0,"delta":{"reasoning_content":"\nThe"}}]}

data: {"id":"chatcmpl-cb5e84b6","object":"chat.completion.chunk","created":1785473332,"model":"MiniMax-M2.7-3bit","choices":[{"index":0,"delta":{"reasoning_content":" user"}}]}

data: {"id":"chatcmpl-cb5e84b6","object":"chat.completion.chunk","created":1785473332,"model":"MiniMax-M2.7-3bit","choices":[{"index":0,"delta":{"reasoning_content":" asks"}}]}

data: {"id":"chatcmpl-cb5e84b6","object":"chat.completion.chunk","created":1785473333,"model":"MiniMax-M2.7-3bit","choices":[{"index":0,"delta":{"reasoning_content":":"}}]}

data: {"id":"chatcmpl-cb5e84b6","object":"chat.completion.chunk","created":1785473333,"model":"MiniMax-M2.7-3bit","choices":[{"index":0,"delta":{"reasoning_content":" \""}}]}

data: {"id":"chatcmpl-cb5e84b6","object":"chat.completion.chunk","created":1785473333,"model":"MiniMax-M2.7-3bit","choices":[{"index":0,"delta":{"reasoning_content":"Write"}}]}

data: {"id":"chatcmpl-cb5e84b6","object":"chat.completion.chunk","created":1785473333,"model":"MiniMax-M2.7-3bit","choices":[{"index":0,"delta":{"reasoning_content":" a"}}]}

data: {"id":"chatcmpl-cb5e84b6","object":"chat.completion.chunk","created":1785473333,"model":"MiniMax-M2.7-3bit","choices":[{"index":0,"delta":{"reasoning_content":" long"}}]}

data: {"id":"chatcmpl-cb5e84b6","object":"chat.completion.chunk","created":1785473333,"model":"MiniMax-M2.7-3bit","choices":[{"index":0,"delta":{"reasoning_content":" essay"}}]}

data: {"id":"chatcmpl-cb5e84b6","object":"chat.completion.chunk","created":1785473333,"model":"MiniMax-M2.7-3bit","choices":[{"index":0,"delta":{"reasoning_content":" about"}}]}

data: {"id":"chatcmpl-cb5e84b6","object":"chat.completion.chunk","created":1785473333,"model":"MiniMax-M2.7-3bit","choices":[{"index":0,"delta":{"reasoning_content":" rivers"}}]}

data: {"id":"chatcmpl-cb5e84b6","object":"chat.completion.chunk","created":1785473333,"model":"MiniMax-M2.7-3bit","choices":[{"index":0,"delta":{"reasoning_content":".\""}}]}

data: {"id":"chatcmpl-cb5e84b6","object":"chat.completion.chunk","created":1785473333,"model":"MiniMax-M2.7-3bit","choices":[{"index":0,"delta":{"reasoning_content":" They"}}]}

data: {"id":"chatcmpl-cb5e84b6","object":"chat.completion.chunk","created":1785473333,"model":"MiniMax-M2.7-3bit","choices":[{"index":0,"delta":{"reasoning_content":" want"}}]}

data: {"id":"chatcmpl-cb5e84b6","object":"chat.completion.chunk","created":1785473333,"model":"MiniMax-M2.7-3bit","choices":[{"index":0,"delta":{"reasoning_content":" a"}}]}

data: {"id":"chatcmpl-cb5e84b6","object":"chat.completion.chunk","created":1785473333,"model":"MiniMax-M2.7-3bit","choices":[{"index":0,"delta":{"reasoning_content":" long"}}]}

data: {"id":"chatcmpl-cb5e84b6","object":"chat.completion.chunk","created":1785473333,"model":"MiniMax-M2.7-3bit","choices":[{"index":0,"delta":{"reasoning_content":" essay"}}]}

data: {"id":"chatcmpl-cb5e84b6","object":"chat.completion.chunk","created":1785473333,"model":"MiniMax-M2.7-3bit","choices":[{"index":0,"delta":{"reasoning_content":" about"}}]}

data: {"id":"chatcmpl-cb5e84b6","object":"chat.completion.chunk","created":1785473334,"model":"MiniMax-M2.7-3bit","choices":[{"index":0,"delta":{"reasoning_content":" rivers"}}]}

data: {"id":"chatcmpl-cb5e84b6","object":"chat.completion.chunk","created":1785473334,"model":"MiniMax-M2.7-3bit","choices":[{"index":0,"delta":{"reasoning_content":"."}}]}

data: {"id":"chatcmpl-cb5e84b6","object":"chat.completion.chunk","created":1785473334,"model":"MiniMax-M2.7-3bit","choices":[{"index":0,"delta":{"reasoning_content":" This"}}]}

data: {"id":"chatcmpl-cb5e84b6","object":"chat.completion.chunk","created":1785473334,"model":"MiniMax-M2.7-3bit","choices":[{"index":0,"delta":{"reasoning_content":" is"}}]}

data: {"id":"chatcmpl-cb5e84b6","object":"chat.completion.chunk","created":1785473334,"model":"MiniMax-M2.7-3bit","choices":[{"index":0,"delta":{"reasoning_content":" a"}}]}

data: {"id":"chatcmpl-cb5e84b6","object":"chat.completion.chunk","created":1785473334,"model":"MiniMax-M2.7-3bit","choices":[{"index":0,"delta":{"reasoning_content":" straightforward"}}]}

data: {"id":"chatcmpl-cb5e84b6","object":"chat.completion.chunk","created":1785473334,"model":"MiniMax-M2.7-3bit","choices":[{"index":0,"delta":{"reasoning_content":" request"}}]}

data: {"id":"chatcmpl-cb5e84b6","object":"chat.completion.chunk","created":1785473334,"model":"MiniMax-M2.7-3bit","choices":[{"index":0,"delta":{"reasoning_content":"."}}]}

data: {"id":"chatcmpl-cb5e84b6","object":"chat.completion.chunk","created":1785473334,"model":"MiniMax-M2.7-3bit","choices":[{"index":0,"delta":{"reasoning_content":" There's"}}]}

data: {"id":"chatcmpl-cb5e84b6","object":"chat.completion.chunk","created":1785473334,"model":"MiniMax-M2.7-3bit","choices":[{"index":0,"delta":{"reasoning_content":" no"}}]}

data: {"id":"chatcmpl-cb5e84b6","object":"chat.completion.chunk","created":1785473334,"model":"MiniMax-M2.7-3bit","choices":[{"index":0,"delta":{"reasoning_content":" disallowed"}}]}

data: {"id":"chatcmpl-cb5e84b6","object":"chat.completion.chunk","created":1785473334,"model":"MiniMax-M2.7-3bit","choices":[{"index":0,"delta":{"reasoning_content":" content"}}]}

data: {"id":"chatcmpl-cb5e84b6","object":"chat.completion.chunk","created":1785473334,"model":"MiniMax-M2.7-3bit","choices":[{"index":0,"delta":{"reasoning_content":"."}}]}

data: {"id":"chatcmpl-cb5e84b6","object":"chat.completion.chunk","created":1785473334,"model":"MiniMax-M2.7-3bit","choices":[{"index":0,"delta":{"reasoning_content":" It's"}}]}

data: {"id":"chatcmpl-cb5e84b6","object":"chat.completion.chunk","created":1785473334,"model":"MiniMax-M2.7-3bit","choices":[{"index":0,"delta":{"reasoning_content":" not"}}]}

data: {"id":"chatcmpl-cb5e84b6","object":"chat.completion.chunk","created":1785473334,"model":"MiniMax-M2.7-3bit","choices":[{"index":0,"delta":{"reasoning_content":" a"}}]}

data: {"id":"chatcmpl-cb5e84b6","object":"chat.completion.chunk","created":1785473334,"model":"MiniMax-M2.7-3bit","choices":[{"index":0,"delta":{"reasoning_content":" request"}}]}

data: {"id":"chatcmpl-cb5e84b6","object":"chat.completion.chunk","created":1785473334,"model":"MiniMax-M2.7-3bit","choices":[{"index":0,"delta":{"reasoning_content":" for"}}]}

data: {"id":"chatcmpl-cb5e84b6","object":"chat.completion.chunk","created":1785473334,"model":"MiniMax-M2.7-3bit","choices":[{"index":0,"delta":{"reasoning_content":" disallowed"}}]}

data: {"id":"chatcmpl-cb5e84b6","object":"chat.completion.chunk","created":1785473335,"model":"MiniMax-M2.7-3bit","choices":[{"index":0,"delta":{"reasoning_content":" content"}}]}

data: {"id":"chatcmpl-cb5e84b6","object":"chat.completion.chunk","created":1785473335,"model":"MiniMax-M2.7-3bit","choices":[{"index":0,"delta":{"reasoning_content":"."}}]}

data: {"id":"chatcmpl-cb5e84b6","object":"chat.completion.chunk","created":1785473335,"model":"MiniMax-M2.7-3bit","choices":[{"index":0,"delta":{"reasoning_content":" It's"}}]}

data: {"id":"chatcmpl-cb5e84b6","object":"chat.completion.chunk","created":1785473335,"model":"MiniMax-M2.7-3bit","choices":[{"index":0,"delta":{"reasoning_content":" a"}}]}

data: {"id":"chatcmpl-cb5e84b6","object":"chat.completion.chunk","created":1785473335,"model":"MiniMax-M2.7-3bit","choices":[{"index":0,"delta":{"reasoning_content":" request"}}]}

data: {"id":"chatcmpl-cb5e84b6","object":"chat.completion.chunk","created":1785473335,"model":"MiniMax-M2.7-3bit","choices":[{"index":0,"delta":{"reasoning_content":" for"}}]}

data: {"id":"chatcmpl-cb5e84b6","object":"chat.completion.chunk","created":1785473335,"model":"MiniMax-M2.7-3bit","choices":[{"index":0,"delta":{"reasoning_content":" an"}}]}

data: {"id":"chatcmpl-cb5e84b6","object":"chat.completion.chunk","created":1785473335,"model":"MiniMax-M2.7-3bit","choices":[{"index":0,"delta":{"reasoning_content":" essay"}}]}

data: {"id":"chatcmpl-cb5e84b6","object":"chat.completion.chunk","created":1785473335,"model":"MiniMax-M2.7-3bit","choices":[{"index":0,"delta":{"reasoning_content":"."}}]}

data: {"id":"chatcmpl-cb5e84b6","object":"chat.completion.chunk","created":1785473335,"model":"MiniMax-M2.7-3bit","choices":[{"index":0,"delta":{"reasoning_content":" So"}}]}

data: {"id":"chatcmpl-cb5e84b6","object":"chat.completion.chunk","created":1785473335,"model":"MiniMax-M2.7-3bit","choices":[{"index":0,"delta":{"reasoning_content":" we"}}]}

data: {"id":"chatcmpl-cb5e84b6","object":"chat.completion.chunk","created":1785473335,"model":"MiniMax-M2.7-3bit","choices":[{"index":0,"delta":{"reasoning_content":" can"}}]}

data: {"id":"chatcmpl-cb5e84b6","object":"chat.completion.chunk","created":0,"model":"keepalive","choices":[{"index":0,"delta":{"role":"assistant","content":""},"finish_reason":null}]}

data: {"id":"chatcmpl-cb5e84b6","object":"chat.completion.chunk","created":0,"model":"keepalive","choices":[{"index":0,"delta":{"role":"assistant","content":""},"finish_reason":null}]}

data: {"error": {"message": "rank 0 closed its reply channel", "type": "server_error"}}

data: [DONE]

end 1785473359.232195000 exit=0
