start 1785523782.666115000
data: {"id":"chatcmpl-01f39358","object":"chat.completion.chunk","created":0,"model":"keepalive","choices":[{"index":0,"delta":{"role":"assistant","content":""},"finish_reason":null}]}

data: {"id":"chatcmpl-01f39358","object":"chat.completion.chunk","created":1785523782,"model":"MiniMax-M2.7-3bit","choices":[{"index":0,"delta":{"role":"assistant"}}]}

data: {"id":"chatcmpl-01f39358","object":"chat.completion.chunk","created":1785523784,"model":"MiniMax-M2.7-3bit","choices":[{"index":0,"delta":{"reasoning_content":"\nThe"}}]}

data: {"id":"chatcmpl-01f39358","object":"chat.completion.chunk","created":1785523785,"model":"MiniMax-M2.7-3bit","choices":[{"index":0,"delta":{"reasoning_content":" user"}}]}

data: {"id":"chatcmpl-01f39358","object":"chat.completion.chunk","created":1785523785,"model":"MiniMax-M2.7-3bit","choices":[{"index":0,"delta":{"reasoning_content":" asks"}}]}

data: {"id":"chatcmpl-01f39358","object":"chat.completion.chunk","created":1785523786,"model":"MiniMax-M2.7-3bit","choices":[{"index":0,"delta":{"reasoning_content":":"}}]}

data: {"id":"chatcmpl-01f39358","object":"chat.completion.chunk","created":1785523786,"model":"MiniMax-M2.7-3bit","choices":[{"index":0,"delta":{"reasoning_content":" \""}}]}

data: {"id":"chatcmpl-01f39358","object":"chat.completion.chunk","created":1785523786,"model":"MiniMax-M2.7-3bit","choices":[{"index":0,"delta":{"reasoning_content":"Write"}}]}

data: {"id":"chatcmpl-01f39358","object":"chat.completion.chunk","created":1785523786,"model":"MiniMax-M2.7-3bit","choices":[{"index":0,"delta":{"reasoning_content":" a"}}]}

data: {"id":"chatcmpl-01f39358","object":"chat.completion.chunk","created":1785523786,"model":"MiniMax-M2.7-3bit","choices":[{"index":0,"delta":{"reasoning_content":" detailed"}}]}

data: {"id":"chatcmpl-01f39358","object":"chat.completion.chunk","created":1785523786,"model":"MiniMax-M2.7-3bit","choices":[{"index":0,"delta":{"reasoning_content":" essay"}}]}

data: {"id":"chatcmpl-01f39358","object":"chat.completion.chunk","created":1785523786,"model":"MiniMax-M2.7-3bit","choices":[{"index":0,"delta":{"reasoning_content":" about"}}]}

data: {"id":"chatcmpl-01f39358","object":"chat.completion.chunk","created":1785523786,"model":"MiniMax-M2.7-3bit","choices":[{"index":0,"delta":{"reasoning_content":" the"}}]}

data: {"id":"chatcmpl-01f39358","object":"chat.completion.chunk","created":1785523786,"model":"MiniMax-M2.7-3bit","choices":[{"index":0,"delta":{"reasoning_content":" history"}}]}

data: {"id":"chatcmpl-01f39358","object":"chat.completion.chunk","created":1785523786,"model":"MiniMax-M2.7-3bit","choices":[{"index":0,"delta":{"reasoning_content":" of"}}]}

data: {"id":"chatcmpl-01f39358","object":"chat.completion.chunk","created":1785523786,"model":"MiniMax-M2.7-3bit","choices":[{"index":0,"delta":{"reasoning_content":" container"}}]}

data: {"id":"chatcmpl-01f39358","object":"chat.completion.chunk","created":1785523786,"model":"MiniMax-M2.7-3bit","choices":[{"index":0,"delta":{"reasoning_content":" shipping"}}]}

data: {"id":"chatcmpl-01f39358","object":"chat.completion.chunk","created":1785523786,"model":"MiniMax-M2.7-3bit","choices":[{"index":0,"delta":{"reasoning_content":","}}]}

data: {"id":"chatcmpl-01f39358","object":"chat.completion.chunk","created":1785523786,"model":"MiniMax-M2.7-3bit","choices":[{"index":0,"delta":{"reasoning_content":" covering"}}]}

data: {"id":"chatcmpl-01f39358","object":"chat.completion.chunk","created":1785523786,"model":"MiniMax-M2.7-3bit","choices":[{"index":0,"delta":{"reasoning_content":" at"}}]}

data: {"id":"chatcmpl-01f39358","object":"chat.completion.chunk","created":1785523787,"model":"MiniMax-M2.7-3bit","choices":[{"index":0,"delta":{"reasoning_content":" least"}}]}

data: {"id":"chatcmpl-01f39358","object":"chat.completion.chunk","created":1785523787,"model":"MiniMax-M2.7-3bit","choices":[{"index":0,"delta":{"reasoning_content":" ten"}}]}

data: {"id":"chatcmpl-01f39358","object":"chat.completion.chunk","created":1785523787,"model":"MiniMax-M2.7-3bit","choices":[{"index":0,"delta":{"reasoning_content":" distinct"}}]}

data: {"id":"chatcmpl-01f39358","object":"chat.completion.chunk","created":1785523787,"model":"MiniMax-M2.7-3bit","choices":[{"index":0,"delta":{"reasoning_content":" developments"}}]}

data: {"id":"chatcmpl-01f39358","object":"chat.completion.chunk","created":1785523787,"model":"MiniMax-M2.7-3bit","choices":[{"index":0,"delta":{"reasoning_content":".\""}}]}

data: {"id":"chatcmpl-01f39358","object":"chat.completion.chunk","created":1785523787,"model":"MiniMax-M2.7-3bit","choices":[{"index":0,"delta":{"reasoning_content":" That's"}}]}

data: {"id":"chatcmpl-01f39358","object":"chat.completion.chunk","created":1785523787,"model":"MiniMax-M2.7-3bit","choices":[{"index":0,"delta":{"reasoning_content":" a"}}]}

data: {"id":"chatcmpl-01f39358","object":"chat.completion.chunk","created":1785523787,"model":"MiniMax-M2.7-3bit","choices":[{"index":0,"delta":{"reasoning_content":" straightforward"}}]}

data: {"id":"chatcmpl-01f39358","object":"chat.completion.chunk","created":1785523787,"model":"MiniMax-M2.7-3bit","choices":[{"index":0,"delta":{"reasoning_content":" request"}}]}

data: {"id":"chatcmpl-01f39358","object":"chat.completion.chunk","created":1785523787,"model":"MiniMax-M2.7-3bit","choices":[{"index":0,"delta":{"reasoning_content":"."}}]}

data: {"id":"chatcmpl-01f39358","object":"chat.completion.chunk","created":1785523787,"model":"MiniMax-M2.7-3bit","choices":[{"index":0,"delta":{"reasoning_content":" No"}}]}

data: {"id":"chatcmpl-01f39358","object":"chat.completion.chunk","created":1785523787,"model":"MiniMax-M2.7-3bit","choices":[{"index":0,"delta":{"reasoning_content":" disallowed"}}]}

data: {"id":"chatcmpl-01f39358","object":"chat.completion.chunk","created":1785523787,"model":"MiniMax-M2.7-3bit","choices":[{"index":0,"delta":{"reasoning_content":" content"}}]}

data: {"id":"chatcmpl-01f39358","object":"chat.completion.chunk","created":1785523787,"model":"MiniMax-M2.7-3bit","choices":[{"index":0,"delta":{"reasoning_content":"."}}]}

data: {"id":"chatcmpl-01f39358","object":"chat.completion.chunk","created":1785523787,"model":"MiniMax-M2.7-3bit","choices":[{"index":0,"delta":{"reasoning_content":" The"}}]}

data: {"id":"chatcmpl-01f39358","object":"chat.completion.chunk","created":1785523787,"model":"MiniMax-M2.7-3bit","choices":[{"index":0,"delta":{"reasoning_content":" request"}}]}

data: {"id":"chatcmpl-01f39358","object":"chat.completion.chunk","created":1785523787,"model":"MiniMax-M2.7-3bit","choices":[{"index":0,"delta":{"reasoning_content":" is"}}]}

data: {"id":"chatcmpl-01f39358","object":"chat.completion.chunk","created":1785523787,"model":"MiniMax-M2.7-3bit","choices":[{"index":0,"delta":{"reasoning_content":" within"}}]}

data: {"id":"chatcmpl-01f39358","object":"chat.completion.chunk","created":1785523788,"model":"MiniMax-M2.7-3bit","choices":[{"index":0,"delta":{"reasoning_content":" the"}}]}

data: {"id":"chatcmpl-01f39358","object":"chat.completion.chunk","created":1785523788,"model":"MiniMax-M2.7-3bit","choices":[{"index":0,"delta":{"reasoning_content":" allowed"}}]}

data: {"id":"chatcmpl-01f39358","object":"chat.completion.chunk","created":1785523788,"model":"MiniMax-M2.7-3bit","choices":[{"index":0,"delta":{"reasoning_content":" content"}}]}

data: {"id":"chatcmpl-01f39358","object":"chat.completion.chunk","created":1785523788,"model":"MiniMax-M2.7-3bit","choices":[{"index":0,"delta":{"reasoning_content":":"}}]}

data: {"id":"chatcmpl-01f39358","object":"chat.completion.chunk","created":1785523788,"model":"MiniMax-M2.7-3bit","choices":[{"index":0,"delta":{"reasoning_content":" it's"}}]}

data: {"id":"chatcmpl-01f39358","object":"chat.completion.chunk","created":1785523788,"model":"MiniMax-M2.7-3bit","choices":[{"index":0,"delta":{"reasoning_content":" about"}}]}

data: {"id":"chatcmpl-01f39358","object":"chat.completion.chunk","created":1785523788,"model":"MiniMax-M2.7-3bit","choices":[{"index":0,"delta":{"reasoning_content":" historical"}}]}

data: {"id":"chatcmpl-01f39358","object":"chat.completion.chunk","created":1785523788,"model":"MiniMax-M2.7-3bit","choices":[{"index":0,"delta":{"reasoning_content":" info"}}]}

data: {"id":"chatcmpl-01f39358","object":"chat.completion.chunk","created":1785523788,"model":"MiniMax-M2.7-3bit","choices":[{"index":0,"delta":{"reasoning_content":"."}}]}

data: {"id":"chatcmpl-01f39358","object":"chat.completion.chunk","created":1785523788,"model":"MiniMax-M2.7-3bit","choices":[{"index":0,"delta":{"reasoning_content":" It's"}}]}

data: {"id":"chatcmpl-01f39358","object":"chat.completion.chunk","created":1785523788,"model":"MiniMax-M2.7-3bit","choices":[{"index":0,"delta":{"reasoning_content":" not"}}]}

data: {"id":"chatcmpl-01f39358","object":"chat.completion.chunk","created":1785523788,"model":"MiniMax-M2.7-3bit","choices":[{"index":0,"delta":{"reasoning_content":" disallowed"}}]}

data: {"id":"chatcmpl-01f39358","object":"chat.completion.chunk","created":1785523788,"model":"MiniMax-M2.7-3bit","choices":[{"index":0,"delta":{"reasoning_content":"."}}]}

data: {"id":"chatcmpl-01f39358","object":"chat.completion.chunk","created":1785523788,"model":"MiniMax-M2.7-3bit","choices":[{"index":0,"delta":{"reasoning_content":" This"}}]}

data: {"id":"chatcmpl-01f39358","object":"chat.completion.chunk","created":1785523788,"model":"MiniMax-M2.7-3bit","choices":[{"index":0,"delta":{"reasoning_content":" is"}}]}

data: {"id":"chatcmpl-01f39358","object":"chat.completion.chunk","created":1785523788,"model":"MiniMax-M2.7-3bit","choices":[{"index":0,"delta":{"reasoning_content":" an"}}]}

data: {"id":"chatcmpl-01f39358","object":"chat.completion.chunk","created":1785523788,"model":"MiniMax-M2.7-3bit","choices":[{"index":0,"delta":{"reasoning_content":" informational"}}]}

data: {"id":"chatcmpl-01f39358","object":"chat.completion.chunk","created":1785523788,"model":"MiniMax-M2.7-3bit","choices":[{"index":0,"delta":{"reasoning_content":" request"}}]}

data: {"id":"chatcmpl-01f39358","object":"chat.completion.chunk","created":1785523788,"model":"MiniMax-M2.7-3bit","choices":[{"index":0,"delta":{"reasoning_content":"."}}]}

data: {"id":"chatcmpl-01f39358","object":"chat.completion.chunk","created":1785523789,"model":"MiniMax-M2.7-3bit","choices":[{"index":0,"delta":{"reasoning_content":" There's"}}]}

data: {"id":"chatcmpl-01f39358","object":"chat.completion.chunk","created":1785523789,"model":"MiniMax-M2.7-3bit","choices":[{"index":0,"delta":{"reasoning_content":" no"}}]}

data: {"id":"chatcmpl-01f39358","object":"chat.completion.chunk","created":1785523789,"model":"MiniMax-M2.7-3bit","choices":[{"index":0,"delta":{"reasoning_content":" conflict"}}]}

data: {"id":"chatcmpl-01f39358","object":"chat.completion.chunk","created":1785523789,"model":"MiniMax-M2.7-3bit","choices":[{"index":0,"delta":{"reasoning_content":"."}}]}

data: {"id":"chatcmpl-01f39358","object":"chat.completion.chunk","created":1785523789,"model":"MiniMax-M2.7-3bit","choices":[{"index":0,"delta":{"reasoning_content":" So"}}]}

data: {"id":"chatcmpl-01f39358","object":"chat.completion.chunk","created":1785523789,"model":"MiniMax-M2.7-3bit","choices":[{"index":0,"delta":{"reasoning_content":" we"}}]}

data: {"id":"chatcmpl-01f39358","object":"chat.completion.chunk","created":1785523789,"model":"MiniMax-M2.7-3bit","choices":[{"index":0,"delta":{"reasoning_content":" can"}}]}

data: {"id":"chatcmpl-01f39358","object":"chat.completion.chunk","created":1785523789,"model":"MiniMax-M2.7-3bit","choices":[{"index":0,"delta":{"reasoning_content":" comply"}}]}

data: {"id":"chatcmpl-01f39358","object":"chat.completion.chunk","created":1785523789,"model":"MiniMax-M2.7-3bit","choices":[{"index":0,"delta":{"reasoning_content":".\n\n"}}]}

data: {"id":"chatcmpl-01f39358","object":"chat.completion.chunk","created":1785523789,"model":"MiniMax-M2.7-3bit","choices":[{"index":0,"delta":{"reasoning_content":"We"}}]}

data: {"id":"chatcmpl-01f39358","object":"chat.completion.chunk","created":1785523789,"model":"MiniMax-M2.7-3bit","choices":[{"index":0,"delta":{"reasoning_content":" must"}}]}

data: {"id":"chatcmpl-01f39358","object":"chat.completion.chunk","created":1785523789,"model":"MiniMax-M2.7-3bit","choices":[{"index":0,"delta":{"reasoning_content":" produce"}}]}

data: {"id":"chatcmpl-01f39358","object":"chat.completion.chunk","created":1785523789,"model":"MiniMax-M2.7-3bit","choices":[{"index":0,"delta":{"reasoning_content":" a"}}]}

data: {"id":"chatcmpl-01f39358","object":"chat.completion.chunk","created":1785523789,"model":"MiniMax-M2.7-3bit","choices":[{"index":0,"delta":{"reasoning_content":" detailed"}}]}

data: {"id":"chatcmpl-01f39358","object":"chat.completion.chunk","created":1785523789,"model":"MiniMax-M2.7-3bit","choices":[{"index":0,"delta":{"reasoning_content":" essay"}}]}

data: {"id":"chatcmpl-01f39358","object":"chat.completion.chunk","created":1785523789,"model":"MiniMax-M2.7-3bit","choices":[{"index":0,"delta":{"reasoning_content":"."}}]}

data: {"id":"chatcmpl-01f39358","object":"chat.completion.chunk","created":1785523789,"model":"MiniMax-M2.7-3bit","choices":[{"index":0,"delta":{"reasoning_content":" Must"}}]}

data: {"id":"chatcmpl-01f39358","object":"chat.completion.chunk","created":1785523789,"model":"MiniMax-M2.7-3bit","choices":[{"index":0,"delta":{"reasoning_content":" cover"}}]}

data: {"id":"chatcmpl-01f39358","object":"chat.completion.chunk","created":1785523790,"model":"MiniMax-M2.7-3bit","choices":[{"index":0,"delta":{"reasoning_content":" at"}}]}

data: {"id":"chatcmpl-01f39358","object":"chat.completion.chunk","created":1785523790,"model":"MiniMax-M2.7-3bit","choices":[{"index":0,"delta":{"reasoning_content":" least"}}]}

data: {"id":"chatcmpl-01f39358","object":"chat.completion.chunk","created":1785523790,"model":"MiniMax-M2.7-3bit","choices":[{"index":0,"delta":{"reasoning_content":" ten"}}]}

data: {"id":"chatcmpl-01f39358","object":"chat.completion.chunk","created":1785523790,"model":"MiniMax-M2.7-3bit","choices":[{"index":0,"delta":{"reasoning_content":" distinct"}}]}

data: {"id":"chatcmpl-01f39358","object":"chat.completion.chunk","created":1785523790,"model":"MiniMax-M2.7-3bit","choices":[{"index":0,"delta":{"reasoning_content":" developments"}}]}

data: {"id":"chatcmpl-01f39358","object":"chat.completion.chunk","created":1785523790,"model":"MiniMax-M2.7-3bit","choices":[{"index":0,"delta":{"reasoning_content":"."}}]}

data: {"id":"chatcmpl-01f39358","object":"chat.completion.chunk","created":1785523790,"model":"MiniMax-M2.7-3bit","choices":[{"index":0,"delta":{"reasoning_content":" The"}}]}

data: {"id":"chatcmpl-01f39358","object":"chat.completion.chunk","created":1785523790,"model":"MiniMax-M2.7-3bit","choices":[{"index":0,"delta":{"reasoning_content":" history"}}]}

data: {"id":"chatcmpl-01f39358","object":"chat.completion.chunk","created":1785523790,"model":"MiniMax-M2.7-3bit","choices":[{"index":0,"delta":{"reasoning_content":" of"}}]}

data: {"id":"chatcmpl-01f39358","object":"chat.completion.chunk","created":1785523790,"model":"MiniMax-M2.7-3bit","choices":[{"index":0,"delta":{"reasoning_content":" container"}}]}

data: {"id":"chatcmpl-01f39358","object":"chat.completion.chunk","created":1785523790,"model":"MiniMax-M2.7-3bit","choices":[{"index":0,"delta":{"reasoning_content":" shipping"}}]}

data: {"id":"chatcmpl-01f39358","object":"chat.completion.chunk","created":1785523790,"model":"MiniMax-M2.7-3bit","choices":[{"index":0,"delta":{"reasoning_content":":"}}]}

data: {"id":"chatcmpl-01f39358","object":"chat.completion.chunk","created":1785523790,"model":"MiniMax-M2.7-3bit","choices":[{"index":0,"delta":{"reasoning_content":" the"}}]}

data: {"id":"chatcmpl-01f39358","object":"chat.completion.chunk","created":1785523790,"model":"MiniMax-M2.7-3bit","choices":[{"index":0,"delta":{"reasoning_content":" early"}}]}

data: {"id":"chatcmpl-01f39358","object":"chat.completion.chunk","created":1785523790,"model":"MiniMax-M2.7-3bit","choices":[{"index":0,"delta":{"reasoning_content":" usage"}}]}

data: {"id":"chatcmpl-01f39358","object":"chat.completion.chunk","created":1785523790,"model":"MiniMax-M2.7-3bit","choices":[{"index":0,"delta":{"reasoning_content":" of"}}]}

data: {"id":"chatcmpl-01f39358","object":"chat.completion.chunk","created":1785523790,"model":"MiniMax-M2.7-3bit","choices":[{"index":0,"delta":{"reasoning_content":" containers"}}]}

data: {"id":"chatcmpl-01f39358","object":"chat.completion.chunk","created":1785523790,"model":"MiniMax-M2.7-3bit","choices":[{"index":0,"delta":{"reasoning_content":","}}]}

data: {"id":"chatcmpl-01f39358","object":"chat.completion.chunk","created":1785523791,"model":"MiniMax-M2.7-3bit","choices":[{"index":0,"delta":{"reasoning_content":" standardized"}}]}

data: {"id":"chatcmpl-01f39358","object":"chat.completion.chunk","created":1785523791,"model":"MiniMax-M2.7-3bit","choices":[{"index":0,"delta":{"reasoning_content":" shipping"}}]}

data: {"id":"chatcmpl-01f39358","object":"chat.completion.chunk","created":1785523791,"model":"MiniMax-M2.7-3bit","choices":[{"index":0,"delta":{"reasoning_content":" containers"}}]}

data: {"id":"chatcmpl-01f39358","object":"chat.completion.chunk","created":1785523791,"model":"MiniMax-M2.7-3bit","choices":[{"index":0,"delta":{"reasoning_content":" by"}}]}

data: {"id":"chatcmpl-01f39358","object":"chat.completion.chunk","created":1785523791,"model":"MiniMax-M2.7-3bit","choices":[{"index":0,"delta":{"reasoning_content":" Malcolm"}}]}

data: {"id":"chatcmpl-01f39358","object":"chat.completion.chunk","created":1785523791,"model":"MiniMax-M2.7-3bit","choices":[{"index":0,"delta":{"reasoning_content":" Mc"}}]}

data: {"id":"chatcmpl-01f39358","object":"chat.completion.chunk","created":1785523791,"model":"MiniMax-M2.7-3bit","choices":[{"index":0,"delta":{"reasoning_content":"Lean"}}]}

data: {"id":"chatcmpl-01f39358","object":"chat.completion.chunk","created":1785523791,"model":"MiniMax-M2.7-3bit","choices":[{"index":0,"delta":{"reasoning_content":","}}]}

data: {"id":"chatcmpl-01f39358","object":"chat.completion.chunk","created":1785523791,"model":"MiniMax-M2.7-3bit","choices":[{"index":0,"delta":{"reasoning_content":" the"}}]}

data: {"id":"chatcmpl-01f39358","object":"chat.completion.chunk","created":1785523791,"model":"MiniMax-M2.7-3bit","choices":[{"index":0,"delta":{"reasoning_content":" first"}}]}

data: {"id":"chatcmpl-01f39358","object":"chat.completion.chunk","created":1785523791,"model":"MiniMax-M2.7-3bit","choices":[{"index":0,"delta":{"reasoning_content":" container"}}]}

data: {"id":"chatcmpl-01f39358","object":"chat.completion.chunk","created":1785523791,"model":"MiniMax-M2.7-3bit","choices":[{"index":0,"delta":{"reasoning_content":" ships"}}]}

data: {"id":"chatcmpl-01f39358","object":"chat.completion.chunk","created":1785523791,"model":"MiniMax-M2.7-3bit","choices":[{"index":0,"delta":{"reasoning_content":","}}]}

data: {"id":"chatcmpl-01f39358","object":"chat.completion.chunk","created":1785523791,"model":"MiniMax-M2.7-3bit","choices":[{"index":0,"delta":{"reasoning_content":" growth"}}]}

data: {"id":"chatcmpl-01f39358","object":"chat.completion.chunk","created":1785523791,"model":"MiniMax-M2.7-3bit","choices":[{"index":0,"delta":{"reasoning_content":" of"}}]}

data: {"id":"chatcmpl-01f39358","object":"chat.completion.chunk","created":1785523791,"model":"MiniMax-M2.7-3bit","choices":[{"index":0,"delta":{"reasoning_content":" container"}}]}

data: {"id":"chatcmpl-01f39358","object":"chat.completion.chunk","created":1785523791,"model":"MiniMax-M2.7-3bit","choices":[{"index":0,"delta":{"reasoning_content":"ization"}}]}

data: {"id":"chatcmpl-01f39358","object":"chat.completion.chunk","created":1785523791,"model":"MiniMax-M2.7-3bit","choices":[{"index":0,"delta":{"reasoning_content":","}}]}

data: {"id":"chatcmpl-01f39358","object":"chat.completion.chunk","created":1785523791,"model":"MiniMax-M2.7-3bit","choices":[{"index":0,"delta":{"reasoning_content":" impact"}}]}

data: {"id":"chatcmpl-01f39358","object":"chat.completion.chunk","created":1785523792,"model":"MiniMax-M2.7-3bit","choices":[{"index":0,"delta":{"reasoning_content":" of"}}]}

data: {"id":"chatcmpl-01f39358","object":"chat.completion.chunk","created":1785523792,"model":"MiniMax-M2.7-3bit","choices":[{"index":0,"delta":{"reasoning_content":" TE"}}]}

data: {"id":"chatcmpl-01f39358","object":"chat.completion.chunk","created":1785523792,"model":"MiniMax-M2.7-3bit","choices":[{"index":0,"delta":{"reasoning_content":"U"}}]}

data: {"id":"chatcmpl-01f39358","object":"chat.completion.chunk","created":1785523792,"model":"MiniMax-M2.7-3bit","choices":[{"index":0,"delta":{"reasoning_content":" ("}}]}

data: {"id":"chatcmpl-01f39358","object":"chat.completion.chunk","created":1785523792,"model":"MiniMax-M2.7-3bit","choices":[{"index":0,"delta":{"reasoning_content":"tw"}}]}

data: {"id":"chatcmpl-01f39358","object":"chat.completion.chunk","created":1785523792,"model":"MiniMax-M2.7-3bit","choices":[{"index":0,"delta":{"reasoning_content":"enty"}}]}

data: {"id":"chatcmpl-01f39358","object":"chat.completion.chunk","created":1785523792,"model":"MiniMax-M2.7-3bit","choices":[{"index":0,"delta":{"reasoning_content":"-foot"}}]}

data: {"id":"chatcmpl-01f39358","object":"chat.completion.chunk","created":1785523792,"model":"MiniMax-M2.7-3bit","choices":[{"index":0,"delta":{"reasoning_content":" equivalent"}}]}

data: {"id":"chatcmpl-01f39358","object":"chat.completion.chunk","created":1785523792,"model":"MiniMax-M2.7-3bit","choices":[{"index":0,"delta":{"reasoning_content":")"}}]}

data: {"id":"chatcmpl-01f39358","object":"chat.completion.chunk","created":1785523792,"model":"MiniMax-M2.7-3bit","choices":[{"index":0,"delta":{"reasoning_content":" unit"}}]}

data: {"id":"chatcmpl-01f39358","object":"chat.completion.chunk","created":1785523792,"model":"MiniMax-M2.7-3bit","choices":[{"index":0,"delta":{"reasoning_content":","}}]}

data: {"id":"chatcmpl-01f39358","object":"chat.completion.chunk","created":1785523792,"model":"MiniMax-M2.7-3bit","choices":[{"index":0,"delta":{"reasoning_content":" global"}}]}

data: {"id":"chatcmpl-01f39358","object":"chat.completion.chunk","created":1785523792,"model":"MiniMax-M2.7-3bit","choices":[{"index":0,"delta":{"reasoning_content":" standardization"}}]}

data: {"id":"chatcmpl-01f39358","object":"chat.completion.chunk","created":1785523792,"model":"MiniMax-M2.7-3bit","choices":[{"index":0,"delta":{"reasoning_content":" ("}}]}

data: {"id":"chatcmpl-01f39358","object":"chat.completion.chunk","created":1785523792,"model":"MiniMax-M2.7-3bit","choices":[{"index":0,"delta":{"reasoning_content":"ISO"}}]}

data: {"id":"chatcmpl-01f39358","object":"chat.completion.chunk","created":1785523792,"model":"MiniMax-M2.7-3bit","choices":[{"index":0,"delta":{"reasoning_content":"),"}}]}

data: {"id":"chatcmpl-01f39358","object":"chat.completion.chunk","created":1785523792,"model":"MiniMax-M2.7-3bit","choices":[{"index":0,"delta":{"reasoning_content":" container"}}]}

data: {"id":"chatcmpl-01f39358","object":"chat.completion.chunk","created":1785523792,"model":"MiniMax-M2.7-3bit","choices":[{"index":0,"delta":{"reasoning_content":" port"}}]}

data: {"id":"chatcmpl-01f39358","object":"chat.completion.chunk","created":1785523793,"model":"MiniMax-M2.7-3bit","choices":[{"index":0,"delta":{"reasoning_content":" development"}}]}

data: {"id":"chatcmpl-01f39358","object":"chat.completion.chunk","created":1785523793,"model":"MiniMax-M2.7-3bit","choices":[{"index":0,"delta":{"reasoning_content":","}}]}

data: {"id":"chatcmpl-01f39358","object":"chat.completion.chunk","created":1785523793,"model":"MiniMax-M2.7-3bit","choices":[{"index":0,"delta":{"reasoning_content":" inter"}}]}

data: {"id":"chatcmpl-01f39358","object":"chat.completion.chunk","created":1785523793,"model":"MiniMax-M2.7-3bit","choices":[{"index":0,"delta":{"reasoning_content":"modal"}}]}

data: {"id":"chatcmpl-01f39358","object":"chat.completion.chunk","created":1785523793,"model":"MiniMax-M2.7-3bit","choices":[{"index":0,"delta":{"reasoning_content":"ism"}}]}

data: {"id":"chatcmpl-01f39358","object":"chat.completion.chunk","created":1785523793,"model":"MiniMax-M2.7-3bit","choices":[{"index":0,"delta":{"reasoning_content":","}}]}

data: {"id":"chatcmpl-01f39358","object":"chat.completion.chunk","created":1785523793,"model":"MiniMax-M2.7-3bit","choices":[{"index":0,"delta":{"reasoning_content":" container"}}]}

data: {"id":"chatcmpl-01f39358","object":"chat.completion.chunk","created":1785523793,"model":"MiniMax-M2.7-3bit","choices":[{"index":0,"delta":{"reasoning_content":"ization"}}]}

data: {"id":"chatcmpl-01f39358","object":"chat.completion.chunk","created":1785523793,"model":"MiniMax-M2.7-3bit","choices":[{"index":0,"delta":{"reasoning_content":" revolution"}}]}

data: {"id":"chatcmpl-01f39358","object":"chat.completion.chunk","created":1785523793,"model":"MiniMax-M2.7-3bit","choices":[{"index":0,"delta":{"reasoning_content":"izing"}}]}

data: {"id":"chatcmpl-01f39358","object":"chat.completion.chunk","created":1785523793,"model":"MiniMax-M2.7-3bit","choices":[{"index":0,"delta":{"reasoning_content":" logistics"}}]}

data: {"id":"chatcmpl-01f39358","object":"chat.completion.chunk","created":1785523793,"model":"MiniMax-M2.7-3bit","choices":[{"index":0,"delta":{"reasoning_content":","}}]}

data: {"id":"chatcmpl-01f39358","object":"chat.completion.chunk","created":1785523793,"model":"MiniMax-M2.7-3bit","choices":[{"index":0,"delta":{"reasoning_content":" 197"}}]}

data: {"id":"chatcmpl-01f39358","object":"chat.completion.chunk","created":1785523793,"model":"MiniMax-M2.7-3bit","choices":[{"index":0,"delta":{"reasoning_content":"0"}}]}

data: {"id":"chatcmpl-01f39358","object":"chat.completion.chunk","created":1785523793,"model":"MiniMax-M2.7-3bit","choices":[{"index":0,"delta":{"reasoning_content":"s"}}]}

data: {"id":"chatcmpl-01f39358","object":"chat.completion.chunk","created":1785523793,"model":"MiniMax-M2.7-3bit","choices":[{"index":0,"delta":{"reasoning_content":" boom"}}]}

data: {"id":"chatcmpl-01f39358","object":"chat.completion.chunk","created":1785523793,"model":"MiniMax-M2.7-3bit","choices":[{"index":0,"delta":{"reasoning_content":","}}]}

data: {"id":"chatcmpl-01f39358","object":"chat.completion.chunk","created":1785523794,"model":"MiniMax-M2.7-3bit","choices":[{"index":0,"delta":{"reasoning_content":" container"}}]}

data: {"id":"chatcmpl-01f39358","object":"chat.completion.chunk","created":1785523794,"model":"MiniMax-M2.7-3bit","choices":[{"index":0,"delta":{"reasoning_content":"ization"}}]}

data: {"id":"chatcmpl-01f39358","object":"chat.completion.chunk","created":1785523794,"model":"MiniMax-M2.7-3bit","choices":[{"index":0,"delta":{"reasoning_content":" for"}}]}

data: {"id":"chatcmpl-01f39358","object":"chat.completion.chunk","created":1785523794,"model":"MiniMax-M2.7-3bit","choices":[{"index":0,"delta":{"reasoning_content":" global"}}]}

data: {"id":"chatcmpl-01f39358","object":"chat.completion.chunk","created":1785523794,"model":"MiniMax-M2.7-3bit","choices":[{"index":0,"delta":{"reasoning_content":" supply"}}]}

data: {"id":"chatcmpl-01f39358","object":"chat.completion.chunk","created":1785523794,"model":"MiniMax-M2.7-3bit","choices":[{"index":0,"delta":{"reasoning_content":" chains"}}]}

data: {"id":"chatcmpl-01f39358","object":"chat.completion.chunk","created":1785523794,"model":"MiniMax-M2.7-3bit","choices":[{"index":0,"delta":{"reasoning_content":","}}]}

data: {"id":"chatcmpl-01f39358","object":"chat.completion.chunk","created":1785523794,"model":"MiniMax-M2.7-3bit","choices":[{"index":0,"delta":{"reasoning_content":" advancements"}}]}

data: {"id":"chatcmpl-01f39358","object":"chat.completion.chunk","created":1785523794,"model":"MiniMax-M2.7-3bit","choices":[{"index":0,"delta":{"reasoning_content":" in"}}]}

data: {"id":"chatcmpl-01f39358","object":"chat.completion.chunk","created":1785523794,"model":"MiniMax-M2.7-3bit","choices":[{"index":0,"delta":{"reasoning_content":" technology"}}]}

data: {"id":"chatcmpl-01f39358","object":"chat.completion.chunk","created":1785523794,"model":"MiniMax-M2.7-3bit","choices":[{"index":0,"delta":{"reasoning_content":" ("}}]}

data: {"id":"chatcmpl-01f39358","object":"chat.completion.chunk","created":1785523794,"model":"MiniMax-M2.7-3bit","choices":[{"index":0,"delta":{"reasoning_content":"GPS"}}]}

data: {"id":"chatcmpl-01f39358","object":"chat.completion.chunk","created":1785523794,"model":"MiniMax-M2.7-3bit","choices":[{"index":0,"delta":{"reasoning_content":","}}]}

data: {"id":"chatcmpl-01f39358","object":"chat.completion.chunk","created":1785523794,"model":"MiniMax-M2.7-3bit","choices":[{"index":0,"delta":{"reasoning_content":" RFID"}}]}

data: {"id":"chatcmpl-01f39358","object":"chat.completion.chunk","created":1785523794,"model":"MiniMax-M2.7-3bit","choices":[{"index":0,"delta":{"reasoning_content":"),"}}]}

data: {"id":"chatcmpl-01f39358","object":"chat.completion.chunk","created":1785523794,"model":"MiniMax-M2.7-3bit","choices":[{"index":0,"delta":{"reasoning_content":" legal"}}]}

data: {"id":"chatcmpl-01f39358","object":"chat.completion.chunk","created":1785523794,"model":"MiniMax-M2.7-3bit","choices":[{"index":0,"delta":{"reasoning_content":" and"}}]}

data: {"id":"chatcmpl-01f39358","object":"chat.completion.chunk","created":1785523794,"model":"MiniMax-M2.7-3bit","choices":[{"index":0,"delta":{"reasoning_content":" regulatory"}}]}

data: {"id":"chatcmpl-01f39358","object":"chat.completion.chunk","created":1785523794,"model":"MiniMax-M2.7-3bit","choices":[{"index":0,"delta":{"reasoning_content":" changes"}}]}

data: {"id":"chatcmpl-01f39358","object":"chat.completion.chunk","created":1785523795,"model":"MiniMax-M2.7-3bit","choices":[{"index":0,"delta":{"reasoning_content":","}}]}

data: {"id":"chatcmpl-01f39358","object":"chat.completion.chunk","created":1785523795,"model":"MiniMax-M2.7-3bit","choices":[{"index":0,"delta":{"reasoning_content":" container"}}]}

data: {"id":"chatcmpl-01f39358","object":"chat.completion.chunk","created":1785523795,"model":"MiniMax-M2.7-3bit","choices":[{"index":0,"delta":{"reasoning_content":"ization"}}]}

data: {"id":"chatcmpl-01f39358","object":"chat.completion.chunk","created":1785523795,"model":"MiniMax-M2.7-3bit","choices":[{"index":0,"delta":{"reasoning_content":" in"}}]}

data: {"id":"chatcmpl-01f39358","object":"chat.completion.chunk","created":1785523795,"model":"MiniMax-M2.7-3bit","choices":[{"index":0,"delta":{"reasoning_content":" the"}}]}

data: {"id":"chatcmpl-01f39358","object":"chat.completion.chunk","created":1785523795,"model":"MiniMax-M2.7-3bit","choices":[{"index":0,"delta":{"reasoning_content":" 199"}}]}

data: {"id":"chatcmpl-01f39358","object":"chat.completion.chunk","created":1785523795,"model":"MiniMax-M2.7-3bit","choices":[{"index":0,"delta":{"reasoning_content":"0"}}]}

data: {"id":"chatcmpl-01f39358","object":"chat.completion.chunk","created":1785523795,"model":"MiniMax-M2.7-3bit","choices":[{"index":0,"delta":{"reasoning_content":"s"}}]}

data: {"id":"chatcmpl-01f39358","object":"chat.completion.chunk","created":1785523795,"model":"MiniMax-M2.7-3bit","choices":[{"index":0,"delta":{"reasoning_content":"-"}}]}

data: {"id":"chatcmpl-01f39358","object":"chat.completion.chunk","created":1785523795,"model":"MiniMax-M2.7-3bit","choices":[{"index":0,"delta":{"reasoning_content":"200"}}]}

data: {"id":"chatcmpl-01f39358","object":"chat.completion.chunk","created":1785523795,"model":"MiniMax-M2.7-3bit","choices":[{"index":0,"delta":{"reasoning_content":"0"}}]}

data: {"id":"chatcmpl-01f39358","object":"chat.completion.chunk","created":1785523795,"model":"MiniMax-M2.7-3bit","choices":[{"index":0,"delta":{"reasoning_content":"s"}}]}

data: {"id":"chatcmpl-01f39358","object":"chat.completion.chunk","created":1785523795,"model":"MiniMax-M2.7-3bit","choices":[{"index":0,"delta":{"reasoning_content":" ("}}]}

data: {"id":"chatcmpl-01f39358","object":"chat.completion.chunk","created":1785523795,"model":"MiniMax-M2.7-3bit","choices":[{"index":0,"delta":{"reasoning_content":"mega"}}]}

data: {"id":"chatcmpl-01f39358","object":"chat.completion.chunk","created":1785523795,"model":"MiniMax-M2.7-3bit","choices":[{"index":0,"delta":{"reasoning_content":"-s"}}]}

data: {"id":"chatcmpl-01f39358","object":"chat.completion.chunk","created":1785523795,"model":"MiniMax-M2.7-3bit","choices":[{"index":0,"delta":{"reasoning_content":"hips"}}]}

data: {"id":"chatcmpl-01f39358","object":"chat.completion.chunk","created":1785523795,"model":"MiniMax-M2.7-3bit","choices":[{"index":0,"delta":{"reasoning_content":"),"}}]}

data: {"id":"chatcmpl-01f39358","object":"chat.completion.chunk","created":1785523796,"model":"MiniMax-M2.7-3bit","choices":[{"index":0,"delta":{"reasoning_content":" environmental"}}]}

data: {"id":"chatcmpl-01f39358","object":"chat.completion.chunk","created":1785523796,"model":"MiniMax-M2.7-3bit","choices":[{"index":0,"delta":{"reasoning_content":" considerations"}}]}

data: {"id":"chatcmpl-01f39358","object":"chat.completion.chunk","created":1785523796,"model":"MiniMax-M2.7-3bit","choices":[{"index":0,"delta":{"reasoning_content":".\n\n"}}]}

data: {"id":"chatcmpl-01f39358","object":"chat.completion.chunk","created":1785523796,"model":"MiniMax-M2.7-3bit","choices":[{"index":0,"delta":{"reasoning_content":"We"}}]}

data: {"id":"chatcmpl-01f39358","object":"chat.completion.chunk","created":1785523796,"model":"MiniMax-M2.7-3bit","choices":[{"index":0,"delta":{"reasoning_content":" can"}}]}

data: {"id":"chatcmpl-01f39358","object":"chat.completion.chunk","created":1785523796,"model":"MiniMax-M2.7-3bit","choices":[{"index":0,"delta":{"reasoning_content":" structure"}}]}

data: {"id":"chatcmpl-01f39358","object":"chat.completion.chunk","created":1785523796,"model":"MiniMax-M2.7-3bit","choices":[{"index":0,"delta":{"reasoning_content":" essay"}}]}

data: {"id":"chatcmpl-01f39358","object":"chat.completion.chunk","created":1785523796,"model":"MiniMax-M2.7-3bit","choices":[{"index":0,"delta":{"reasoning_content":":"}}]}

data: {"id":"chatcmpl-01f39358","object":"chat.completion.chunk","created":1785523796,"model":"MiniMax-M2.7-3bit","choices":[{"index":0,"delta":{"reasoning_content":" introduction"}}]}

data: {"id":"chatcmpl-01f39358","object":"chat.completion.chunk","created":1785523796,"model":"MiniMax-M2.7-3bit","choices":[{"index":0,"delta":{"reasoning_content":","}}]}

data: {"id":"chatcmpl-01f39358","object":"chat.completion.chunk","created":1785523796,"model":"MiniMax-M2.7-3bit","choices":[{"index":0,"delta":{"reasoning_content":" early"}}]}

data: {"id":"chatcmpl-01f39358","object":"chat.completion.chunk","created":1785523796,"model":"MiniMax-M2.7-3bit","choices":[{"index":0,"delta":{"reasoning_content":" days"}}]}

data: {"id":"chatcmpl-01f39358","object":"chat.completion.chunk","created":1785523796,"model":"MiniMax-M2.7-3bit","choices":[{"index":0,"delta":{"reasoning_content":","}}]}

data: {"id":"chatcmpl-01f39358","object":"chat.completion.chunk","created":1785523796,"model":"MiniMax-M2.7-3bit","choices":[{"index":0,"delta":{"reasoning_content":" standardization"}}]}

data: {"id":"chatcmpl-01f39358","object":"chat.completion.chunk","created":1785523796,"model":"MiniMax-M2.7-3bit","choices":[{"index":0,"delta":{"reasoning_content":","}}]}

data: {"id":"chatcmpl-01f39358","object":"chat.completion.chunk","created":1785523796,"model":"MiniMax-M2.7-3bit","choices":[{"index":0,"delta":{"reasoning_content":" first"}}]}

data: {"id":"chatcmpl-01f39358","object":"chat.completion.chunk","created":1785523796,"model":"MiniMax-M2.7-3bit","choices":[{"index":0,"delta":{"reasoning_content":" container"}}]}

data: {"id":"chatcmpl-01f39358","object":"chat.completion.chunk","created":1785523796,"model":"MiniMax-M2.7-3bit","choices":[{"index":0,"delta":{"reasoning_content":" ships"}}]}

data: {"id":"chatcmpl-01f39358","object":"chat.completion.chunk","created":1785523797,"model":"MiniMax-M2.7-3bit","choices":[{"index":0,"delta":{"reasoning_content":" ("}}]}

data: {"id":"chatcmpl-01f39358","object":"chat.completion.chunk","created":1785523797,"model":"MiniMax-M2.7-3bit","choices":[{"index":0,"delta":{"reasoning_content":"195"}}]}

data: {"id":"chatcmpl-01f39358","object":"chat.completion.chunk","created":1785523797,"model":"MiniMax-M2.7-3bit","choices":[{"index":0,"delta":{"reasoning_content":"5"}}]}

data: {"id":"chatcmpl-01f39358","object":"chat.completion.chunk","created":1785523797,"model":"MiniMax-M2.7-3bit","choices":[{"index":0,"delta":{"reasoning_content":"-"}}]}

data: {"id":"chatcmpl-01f39358","object":"chat.completion.chunk","created":1785523797,"model":"MiniMax-M2.7-3bit","choices":[{"index":0,"delta":{"reasoning_content":"195"}}]}

data: {"id":"chatcmpl-01f39358","object":"chat.completion.chunk","created":1785523797,"model":"MiniMax-M2.7-3bit","choices":[{"index":0,"delta":{"reasoning_content":"6"}}]}

data: {"id":"chatcmpl-01f39358","object":"chat.completion.chunk","created":1785523797,"model":"MiniMax-M2.7-3bit","choices":[{"index":0,"delta":{"reasoning_content":" etc"}}]}

data: {"id":"chatcmpl-01f39358","object":"chat.completion.chunk","created":1785523797,"model":"MiniMax-M2.7-3bit","choices":[{"index":0,"delta":{"reasoning_content":"),"}}]}

data: {"id":"chatcmpl-01f39358","object":"chat.completion.chunk","created":1785523797,"model":"MiniMax-M2.7-3bit","choices":[{"index":0,"delta":{"reasoning_content":" 196"}}]}

data: {"id":"chatcmpl-01f39358","object":"chat.completion.chunk","created":1785523797,"model":"MiniMax-M2.7-3bit","choices":[{"index":0,"delta":{"reasoning_content":"0"}}]}

data: {"id":"chatcmpl-01f39358","object":"chat.completion.chunk","created":1785523797,"model":"MiniMax-M2.7-3bit","choices":[{"index":0,"delta":{"reasoning_content":"s"}}]}

data: {"id":"chatcmpl-01f39358","object":"chat.completion.chunk","created":1785523797,"model":"MiniMax-M2.7-3bit","choices":[{"index":0,"delta":{"reasoning_content":" expansion"}}]}

data: {"id":"chatcmpl-01f39358","object":"chat.completion.chunk","created":1785523797,"model":"MiniMax-M2.7-3bit","choices":[{"index":0,"delta":{"reasoning_content":","}}]}

data: {"id":"chatcmpl-01f39358","object":"chat.completion.chunk","created":1785523797,"model":"MiniMax-M2.7-3bit","choices":[{"index":0,"delta":{"reasoning_content":" the"}}]}

data: {"id":"chatcmpl-01f39358","object":"chat.completion.chunk","created":1785523797,"model":"MiniMax-M2.7-3bit","choices":[{"index":0,"delta":{"reasoning_content":" container"}}]}

data: {"id":"chatcmpl-01f39358","object":"chat.completion.chunk","created":1785523797,"model":"MiniMax-M2.7-3bit","choices":[{"index":0,"delta":{"reasoning_content":" revolution"}}]}

data: {"id":"chatcmpl-01f39358","object":"chat.completion.chunk","created":1785523797,"model":"MiniMax-M2.7-3bit","choices":[{"index":0,"delta":{"reasoning_content":" of"}}]}

data: {"id":"chatcmpl-01f39358","object":"chat.completion.chunk","created":1785523798,"model":"MiniMax-M2.7-3bit","choices":[{"index":0,"delta":{"reasoning_content":" 197"}}]}

data: {"id":"chatcmpl-01f39358","object":"chat.completion.chunk","created":1785523798,"model":"MiniMax-M2.7-3bit","choices":[{"index":0,"delta":{"reasoning_content":"0"}}]}

data: {"id":"chatcmpl-01f39358","object":"chat.completion.chunk","created":1785523798,"model":"MiniMax-M2.7-3bit","choices":[{"index":0,"delta":{"reasoning_content":"s"}}]}

data: {"id":"chatcmpl-01f39358","object":"chat.completion.chunk","created":1785523798,"model":"MiniMax-M2.7-3bit","choices":[{"index":0,"delta":{"reasoning_content":" ("}}]}

data: {"id":"chatcmpl-01f39358","object":"chat.completion.chunk","created":1785523798,"model":"MiniMax-M2.7-3bit","choices":[{"index":0,"delta":{"reasoning_content":"development"}}]}

data: {"id":"chatcmpl-01f39358","object":"chat.completion.chunk","created":1785523798,"model":"MiniMax-M2.7-3bit","choices":[{"index":0,"delta":{"reasoning_content":" of"}}]}

data: {"id":"chatcmpl-01f39358","object":"chat.completion.chunk","created":1785523798,"model":"MiniMax-M2.7-3bit","choices":[{"index":0,"delta":{"reasoning_content":" container"}}]}

data: {"id":"chatcmpl-01f39358","object":"chat.completion.chunk","created":1785523798,"model":"MiniMax-M2.7-3bit","choices":[{"index":0,"delta":{"reasoning_content":" terminals"}}]}

data: {"id":"chatcmpl-01f39358","object":"chat.completion.chunk","created":1785523798,"model":"MiniMax-M2.7-3bit","choices":[{"index":0,"delta":{"reasoning_content":","}}]}

data: {"id":"chatcmpl-01f39358","object":"chat.completion.chunk","created":1785523798,"model":"MiniMax-M2.7-3bit","choices":[{"index":0,"delta":{"reasoning_content":" use"}}]}

data: {"id":"chatcmpl-01f39358","object":"chat.completion.chunk","created":1785523798,"model":"MiniMax-M2.7-3bit","choices":[{"index":0,"delta":{"reasoning_content":" of"}}]}

data: {"id":"chatcmpl-01f39358","object":"chat.completion.chunk","created":1785523798,"model":"MiniMax-M2.7-3bit","choices":[{"index":0,"delta":{"reasoning_content":" TE"}}]}

data: {"id":"chatcmpl-01f39358","object":"chat.completion.chunk","created":1785523798,"model":"MiniMax-M2.7-3bit","choices":[{"index":0,"delta":{"reasoning_content":"U"}}]}

data: {"id":"chatcmpl-01f39358","object":"chat.completion.chunk","created":1785523798,"model":"MiniMax-M2.7-3bit","choices":[{"index":0,"delta":{"reasoning_content":"),"}}]}

data: {"id":"chatcmpl-01f39358","object":"chat.completion.chunk","created":1785523798,"model":"MiniMax-M2.7-3bit","choices":[{"index":0,"delta":{"reasoning_content":" 198"}}]}

data: {"id":"chatcmpl-01f39358","object":"chat.completion.chunk","created":1785523798,"model":"MiniMax-M2.7-3bit","choices":[{"index":0,"delta":{"reasoning_content":"0"}}]}

data: {"id":"chatcmpl-01f39358","object":"chat.completion.chunk","created":1785523798,"model":"MiniMax-M2.7-3bit","choices":[{"index":0,"delta":{"reasoning_content":"s"}}]}

data: {"id":"chatcmpl-01f39358","object":"chat.completion.chunk","created":1785523799,"model":"MiniMax-M2.7-3bit","choices":[{"index":0,"delta":{"reasoning_content":" global"}}]}

data: {"id":"chatcmpl-01f39358","object":"chat.completion.chunk","created":1785523799,"model":"MiniMax-M2.7-3bit","choices":[{"index":0,"delta":{"reasoning_content":" network"}}]}

data: {"id":"chatcmpl-01f39358","object":"chat.completion.chunk","created":1785523799,"model":"MiniMax-M2.7-3bit","choices":[{"index":0,"delta":{"reasoning_content":","}}]}

data: {"id":"chatcmpl-01f39358","object":"chat.completion.chunk","created":1785523799,"model":"MiniMax-M2.7-3bit","choices":[{"index":0,"delta":{"reasoning_content":" 199"}}]}

data: {"id":"chatcmpl-01f39358","object":"chat.completion.chunk","created":1785523799,"model":"MiniMax-M2.7-3bit","choices":[{"index":0,"delta":{"reasoning_content":"0"}}]}

data: {"id":"chatcmpl-01f39358","object":"chat.completion.chunk","created":1785523799,"model":"MiniMax-M2.7-3bit","choices":[{"index":0,"delta":{"reasoning_content":"s"}}]}

data: {"id":"chatcmpl-01f39358","object":"chat.completion.chunk","created":1785523799,"model":"MiniMax-M2.7-3bit","choices":[{"index":0,"delta":{"reasoning_content":" container"}}]}

data: {"id":"chatcmpl-01f39358","object":"chat.completion.chunk","created":1785523799,"model":"MiniMax-M2.7-3bit","choices":[{"index":0,"delta":{"reasoning_content":"ization"}}]}

data: {"id":"chatcmpl-01f39358","object":"chat.completion.chunk","created":1785523799,"model":"MiniMax-M2.7-3bit","choices":[{"index":0,"delta":{"reasoning_content":" boom"}}]}

data: {"id":"chatcmpl-01f39358","object":"chat.completion.chunk","created":1785523799,"model":"MiniMax-M2.7-3bit","choices":[{"index":0,"delta":{"reasoning_content":","}}]}

data: {"id":"chatcmpl-01f39358","object":"chat.completion.chunk","created":1785523799,"model":"MiniMax-M2.7-3bit","choices":[{"index":0,"delta":{"reasoning_content":" 200"}}]}

data: {"id":"chatcmpl-01f39358","object":"chat.completion.chunk","created":1785523799,"model":"MiniMax-M2.7-3bit","choices":[{"index":0,"delta":{"reasoning_content":"0"}}]}

data: {"id":"chatcmpl-01f39358","object":"chat.completion.chunk","created":1785523799,"model":"MiniMax-M2.7-3bit","choices":[{"index":0,"delta":{"reasoning_content":"s"}}]}

data: {"id":"chatcmpl-01f39358","object":"chat.completion.chunk","created":1785523799,"model":"MiniMax-M2.7-3bit","choices":[{"index":0,"delta":{"reasoning_content":" mega"}}]}

data: {"id":"chatcmpl-01f39358","object":"chat.completion.chunk","created":1785523799,"model":"MiniMax-M2.7-3bit","choices":[{"index":0,"delta":{"reasoning_content":"-s"}}]}

data: {"id":"chatcmpl-01f39358","object":"chat.completion.chunk","created":1785523799,"model":"MiniMax-M2.7-3bit","choices":[{"index":0,"delta":{"reasoning_content":"hips"}}]}

data: {"id":"chatcmpl-01f39358","object":"chat.completion.chunk","created":1785523799,"model":"MiniMax-M2.7-3bit","choices":[{"index":0,"delta":{"reasoning_content":","}}]}

data: {"id":"chatcmpl-01f39358","object":"chat.completion.chunk","created":1785523800,"model":"MiniMax-M2.7-3bit","choices":[{"index":0,"delta":{"reasoning_content":" 201"}}]}

data: {"id":"chatcmpl-01f39358","object":"chat.completion.chunk","created":1785523800,"model":"MiniMax-M2.7-3bit","choices":[{"index":0,"delta":{"reasoning_content":"0"}}]}

data: {"id":"chatcmpl-01f39358","object":"chat.completion.chunk","created":1785523800,"model":"MiniMax-M2.7-3bit","choices":[{"index":0,"delta":{"reasoning_content":"s"}}]}

data: {"id":"chatcmpl-01f39358","object":"chat.completion.chunk","created":1785523800,"model":"MiniMax-M2.7-3bit","choices":[{"index":0,"delta":{"reasoning_content":" digital"}}]}

data: {"id":"chatcmpl-01f39358","object":"chat.completion.chunk","created":1785523800,"model":"MiniMax-M2.7-3bit","choices":[{"index":0,"delta":{"reasoning_content":"ization"}}]}

data: {"id":"chatcmpl-01f39358","object":"chat.completion.chunk","created":1785523800,"model":"MiniMax-M2.7-3bit","choices":[{"index":0,"delta":{"reasoning_content":","}}]}

data: {"id":"chatcmpl-01f39358","object":"chat.completion.chunk","created":1785523800,"model":"MiniMax-M2.7-3bit","choices":[{"index":0,"delta":{"reasoning_content":" future"}}]}

data: {"id":"chatcmpl-01f39358","object":"chat.completion.chunk","created":1785523800,"model":"MiniMax-M2.7-3bit","choices":[{"index":0,"delta":{"reasoning_content":" trends"}}]}

data: {"id":"chatcmpl-01f39358","object":"chat.completion.chunk","created":1785523800,"model":"MiniMax-M2.7-3bit","choices":[{"index":0,"delta":{"reasoning_content":".\n\n"}}]}

data: {"id":"chatcmpl-01f39358","object":"chat.completion.chunk","created":1785523800,"model":"MiniMax-M2.7-3bit","choices":[{"index":0,"delta":{"reasoning_content":"Will"}}]}

data: {"id":"chatcmpl-01f39358","object":"chat.completion.chunk","created":1785523800,"model":"MiniMax-M2.7-3bit","choices":[{"index":0,"delta":{"reasoning_content":" cover"}}]}

data: {"id":"chatcmpl-01f39358","object":"chat.completion.chunk","created":1785523800,"model":"MiniMax-M2.7-3bit","choices":[{"index":0,"delta":{"reasoning_content":" at"}}]}

data: {"id":"chatcmpl-01f39358","object":"chat.completion.chunk","created":1785523800,"model":"MiniMax-M2.7-3bit","choices":[{"index":0,"delta":{"reasoning_content":" least"}}]}

data: {"id":"chatcmpl-01f39358","object":"chat.completion.chunk","created":1785523800,"model":"MiniMax-M2.7-3bit","choices":[{"index":0,"delta":{"reasoning_content":" ten"}}]}

data: {"id":"chatcmpl-01f39358","object":"chat.completion.chunk","created":1785523800,"model":"MiniMax-M2.7-3bit","choices":[{"index":0,"delta":{"reasoning_content":" distinct"}}]}

data: {"id":"chatcmpl-01f39358","object":"chat.completion.chunk","created":1785523800,"model":"MiniMax-M2.7-3bit","choices":[{"index":0,"delta":{"reasoning_content":" developments"}}]}

data: {"id":"chatcmpl-01f39358","object":"chat.completion.chunk","created":1785523800,"model":"MiniMax-M2.7-3bit","choices":[{"index":0,"delta":{"reasoning_content":":\n\n"}}]}

data: {"id":"chatcmpl-01f39358","object":"chat.completion.chunk","created":1785523801,"model":"MiniMax-M2.7-3bit","choices":[{"index":0,"delta":{"reasoning_content":"1"}}]}

data: {"id":"chatcmpl-01f39358","object":"chat.completion.chunk","created":1785523801,"model":"MiniMax-M2.7-3bit","choices":[{"index":0,"delta":{"reasoning_content":"."}}]}

data: {"id":"chatcmpl-01f39358","object":"chat.completion.chunk","created":1785523801,"model":"MiniMax-M2.7-3bit","choices":[{"index":0,"delta":{"reasoning_content":" Early"}}]}

data: {"id":"chatcmpl-01f39358","object":"chat.completion.chunk","created":1785523801,"model":"MiniMax-M2.7-3bit","choices":[{"index":0,"delta":{"reasoning_content":" concept"}}]}

data: {"id":"chatcmpl-01f39358","object":"chat.completion.chunk","created":1785523801,"model":"MiniMax-M2.7-3bit","choices":[{"index":0,"delta":{"reasoning_content":" and"}}]}

data: {"id":"chatcmpl-01f39358","object":"chat.completion.chunk","created":1785523801,"model":"MiniMax-M2.7-3bit","choices":[{"index":0,"delta":{"reasoning_content":" use"}}]}

data: {"id":"chatcmpl-01f39358","object":"chat.completion.chunk","created":1785523801,"model":"MiniMax-M2.7-3bit","choices":[{"index":0,"delta":{"reasoning_content":" of"}}]}

data: {"id":"chatcmpl-01f39358","object":"chat.completion.chunk","created":1785523801,"model":"MiniMax-M2.7-3bit","choices":[{"index":0,"delta":{"reasoning_content":" containers"}}]}

data: {"id":"chatcmpl-01f39358","object":"chat.completion.chunk","created":1785523801,"model":"MiniMax-M2.7-3bit","choices":[{"index":0,"delta":{"reasoning_content":" in"}}]}

data: {"id":"chatcmpl-01f39358","object":"chat.completion.chunk","created":1785523801,"model":"MiniMax-M2.7-3bit","choices":[{"index":0,"delta":{"reasoning_content":" 19"}}]}

data: {"id":"chatcmpl-01f39358","object":"chat.completion.chunk","created":1785523801,"model":"MiniMax-M2.7-3bit","choices":[{"index":0,"delta":{"reasoning_content":"th"}}]}

data: {"id":"chatcmpl-01f39358","object":"chat.completion.chunk","created":1785523801,"model":"MiniMax-M2.7-3bit","choices":[{"index":0,"delta":{"reasoning_content":" century"}}]}

data: {"id":"chatcmpl-01f39358","object":"chat.completion.chunk","created":1785523801,"model":"MiniMax-M2.7-3bit","choices":[{"index":0,"delta":{"reasoning_content":" ("}}]}

data: {"id":"chatcmpl-01f39358","object":"chat.completion.chunk","created":1785523801,"model":"MiniMax-M2.7-3bit","choices":[{"index":0,"delta":{"reasoning_content":"horse"}}]}

data: {"id":"chatcmpl-01f39358","object":"chat.completion.chunk","created":1785523801,"model":"MiniMax-M2.7-3bit","choices":[{"index":0,"delta":{"reasoning_content":"-drawn"}}]}

data: {"id":"chatcmpl-01f39358","object":"chat.completion.chunk","created":1785523801,"model":"MiniMax-M2.7-3bit","choices":[{"index":0,"delta":{"reasoning_content":" wagons"}}]}

data: {"id":"chatcmpl-01f39358","object":"chat.completion.chunk","created":1785523801,"model":"MiniMax-M2.7-3bit","choices":[{"index":0,"delta":{"reasoning_content":" etc"}}]}

data: {"id":"chatcmpl-01f39358","object":"chat.completion.chunk","created":1785523802,"model":"MiniMax-M2.7-3bit","choices":[{"index":0,"delta":{"reasoning_content":")\n"}}]}

data: {"id":"chatcmpl-01f39358","object":"chat.completion.chunk","created":1785523802,"model":"MiniMax-M2.7-3bit","choices":[{"index":0,"delta":{"reasoning_content":"2"}}]}

data: {"id":"chatcmpl-01f39358","object":"chat.completion.chunk","created":1785523802,"model":"MiniMax-M2.7-3bit","choices":[{"index":0,"delta":{"reasoning_content":"."}}]}

data: {"id":"chatcmpl-01f39358","object":"chat.completion.chunk","created":1785523802,"model":"MiniMax-M2.7-3bit","choices":[{"index":0,"delta":{"reasoning_content":" First"}}]}

data: {"id":"chatcmpl-01f39358","object":"chat.completion.chunk","created":1785523802,"model":"MiniMax-M2.7-3bit","choices":[{"index":0,"delta":{"reasoning_content":" standardized"}}]}

data: {"id":"chatcmpl-01f39358","object":"chat.completion.chunk","created":1785523802,"model":"MiniMax-M2.7-3bit","choices":[{"index":0,"delta":{"reasoning_content":" shipping"}}]}

data: {"id":"chatcmpl-01f39358","object":"chat.completion.chunk","created":1785523802,"model":"MiniMax-M2.7-3bit","choices":[{"index":0,"delta":{"reasoning_content":" container"}}]}

data: {"id":"chatcmpl-01f39358","object":"chat.completion.chunk","created":1785523802,"model":"MiniMax-M2.7-3bit","choices":[{"index":0,"delta":{"reasoning_content":" developed"}}]}

data: {"id":"chatcmpl-01f39358","object":"chat.completion.chunk","created":1785523802,"model":"MiniMax-M2.7-3bit","choices":[{"index":0,"delta":{"reasoning_content":" by"}}]}

data: {"id":"chatcmpl-01f39358","object":"chat.completion.chunk","created":1785523802,"model":"MiniMax-M2.7-3bit","choices":[{"index":0,"delta":{"reasoning_content":" Malcolm"}}]}

data: {"id":"chatcmpl-01f39358","object":"chat.completion.chunk","created":1785523802,"model":"MiniMax-M2.7-3bit","choices":[{"index":0,"delta":{"reasoning_content":" Mc"}}]}

data: {"id":"chatcmpl-01f39358","object":"chat.completion.chunk","created":1785523802,"model":"MiniMax-M2.7-3bit","choices":[{"index":0,"delta":{"reasoning_content":"Lean"}}]}

data: {"id":"chatcmpl-01f39358","object":"chat.completion.chunk","created":1785523802,"model":"MiniMax-M2.7-3bit","choices":[{"index":0,"delta":{"reasoning_content":" in"}}]}

data: {"id":"chatcmpl-01f39358","object":"chat.completion.chunk","created":1785523802,"model":"MiniMax-M2.7-3bit","choices":[{"index":0,"delta":{"reasoning_content":" the"}}]}

data: {"id":"chatcmpl-01f39358","object":"chat.completion.chunk","created":1785523802,"model":"MiniMax-M2.7-3bit","choices":[{"index":0,"delta":{"reasoning_content":" 195"}}]}

data: {"id":"chatcmpl-01f39358","object":"chat.completion.chunk","created":1785523802,"model":"MiniMax-M2.7-3bit","choices":[{"index":0,"delta":{"reasoning_content":"0"}}]}

data: {"id":"chatcmpl-01f39358","object":"chat.completion.chunk","created":1785523802,"model":"MiniMax-M2.7-3bit","choices":[{"index":0,"delta":{"reasoning_content":"s"}}]}

data: {"id":"chatcmpl-01f39358","object":"chat.completion.chunk","created":1785523803,"model":"MiniMax-M2.7-3bit","choices":[{"index":0,"delta":{"reasoning_content":".\n"}}]}

data: {"id":"chatcmpl-01f39358","object":"chat.completion.chunk","created":1785523803,"model":"MiniMax-M2.7-3bit","choices":[{"index":0,"delta":{"reasoning_content":"3"}}]}

data: {"id":"chatcmpl-01f39358","object":"chat.completion.chunk","created":1785523803,"model":"MiniMax-M2.7-3bit","choices":[{"index":0,"delta":{"reasoning_content":"."}}]}

data: {"id":"chatcmpl-01f39358","object":"chat.completion.chunk","created":1785523803,"model":"MiniMax-M2.7-3bit","choices":[{"index":0,"delta":{"reasoning_content":" The"}}]}

data: {"id":"chatcmpl-01f39358","object":"chat.completion.chunk","created":1785523803,"model":"MiniMax-M2.7-3bit","choices":[{"index":0,"delta":{"reasoning_content":" SS"}}]}

data: {"id":"chatcmpl-01f39358","object":"chat.completion.chunk","created":1785523803,"model":"MiniMax-M2.7-3bit","choices":[{"index":0,"delta":{"reasoning_content":" Ideal"}}]}

data: {"id":"chatcmpl-01f39358","object":"chat.completion.chunk","created":1785523803,"model":"MiniMax-M2.7-3bit","choices":[{"index":0,"delta":{"reasoning_content":" X"}}]}

data: {"id":"chatcmpl-01f39358","object":"chat.completion.chunk","created":1785523803,"model":"MiniMax-M2.7-3bit","choices":[{"index":0,"delta":{"reasoning_content":" ("}}]}

data: {"id":"chatcmpl-01f39358","object":"chat.completion.chunk","created":1785523803,"model":"MiniMax-M2.7-3bit","choices":[{"index":0,"delta":{"reasoning_content":"first"}}]}

data: {"id":"chatcmpl-01f39358","object":"chat.completion.chunk","created":1785523803,"model":"MiniMax-M2.7-3bit","choices":[{"index":0,"delta":{"reasoning_content":" container"}}]}

data: {"id":"chatcmpl-01f39358","object":"chat.completion.chunk","created":1785523803,"model":"MiniMax-M2.7-3bit","choices":[{"index":0,"delta":{"reasoning_content":" ship"}}]}

data: {"id":"chatcmpl-01f39358","object":"chat.completion.chunk","created":1785523803,"model":"MiniMax-M2.7-3bit","choices":[{"index":0,"delta":{"reasoning_content":")"}}]}

data: {"id":"chatcmpl-01f39358","object":"chat.completion.chunk","created":1785523803,"model":"MiniMax-M2.7-3bit","choices":[{"index":0,"delta":{"reasoning_content":" in"}}]}

data: {"id":"chatcmpl-01f39358","object":"chat.completion.chunk","created":1785523803,"model":"MiniMax-M2.7-3bit","choices":[{"index":0,"delta":{"reasoning_content":" 195"}}]}

data: {"id":"chatcmpl-01f39358","object":"chat.completion.chunk","created":1785523803,"model":"MiniMax-M2.7-3bit","choices":[{"index":0,"delta":{"reasoning_content":"5"}}]}

data: {"id":"chatcmpl-01f39358","object":"chat.completion.chunk","created":1785523803,"model":"MiniMax-M2.7-3bit","choices":[{"index":0,"delta":{"reasoning_content":","}}]}

data: {"id":"chatcmpl-01f39358","object":"chat.completion.chunk","created":1785523803,"model":"MiniMax-M2.7-3bit","choices":[{"index":0,"delta":{"reasoning_content":" first"}}]}

data: {"id":"chatcmpl-01f39358","object":"chat.completion.chunk","created":1785523804,"model":"MiniMax-M2.7-3bit","choices":[{"index":0,"delta":{"reasoning_content":" container"}}]}

data: {"id":"chatcmpl-01f39358","object":"chat.completion.chunk","created":1785523804,"model":"MiniMax-M2.7-3bit","choices":[{"index":0,"delta":{"reasoning_content":" service"}}]}

data: {"id":"chatcmpl-01f39358","object":"chat.completion.chunk","created":1785523804,"model":"MiniMax-M2.7-3bit","choices":[{"index":0,"delta":{"reasoning_content":" by"}}]}

data: {"id":"chatcmpl-01f39358","object":"chat.completion.chunk","created":1785523804,"model":"MiniMax-M2.7-3bit","choices":[{"index":0,"delta":{"reasoning_content":" Mat"}}]}

data: {"id":"chatcmpl-01f39358","object":"chat.completion.chunk","created":1785523804,"model":"MiniMax-M2.7-3bit","choices":[{"index":0,"delta":{"reasoning_content":"son"}}]}

data: {"id":"chatcmpl-01f39358","object":"chat.completion.chunk","created":1785523804,"model":"MiniMax-M2.7-3bit","choices":[{"index":0,"delta":{"reasoning_content":".\n"}}]}

data: {"id":"chatcmpl-01f39358","object":"chat.completion.chunk","created":1785523804,"model":"MiniMax-M2.7-3bit","choices":[{"index":0,"delta":{"reasoning_content":"4"}}]}

data: {"id":"chatcmpl-01f39358","object":"chat.completion.chunk","created":1785523804,"model":"MiniMax-M2.7-3bit","choices":[{"index":0,"delta":{"reasoning_content":"."}}]}

data: {"id":"chatcmpl-01f39358","object":"chat.completion.chunk","created":1785523804,"model":"MiniMax-M2.7-3bit","choices":[{"index":0,"delta":{"reasoning_content":" Creation"}}]}

data: {"id":"chatcmpl-01f39358","object":"chat.completion.chunk","created":1785523804,"model":"MiniMax-M2.7-3bit","choices":[{"index":0,"delta":{"reasoning_content":" of"}}]}

data: {"id":"chatcmpl-01f39358","object":"chat.completion.chunk","created":1785523804,"model":"MiniMax-M2.7-3bit","choices":[{"index":0,"delta":{"reasoning_content":" TE"}}]}

data: {"id":"chatcmpl-01f39358","object":"chat.completion.chunk","created":1785523804,"model":"MiniMax-M2.7-3bit","choices":[{"index":0,"delta":{"reasoning_content":"U"}}]}

data: {"id":"chatcmpl-01f39358","object":"chat.completion.chunk","created":1785523804,"model":"MiniMax-M2.7-3bit","choices":[{"index":0,"delta":{"reasoning_content":" standard"}}]}

data: {"id":"chatcmpl-01f39358","object":"chat.completion.chunk","created":1785523804,"model":"MiniMax-M2.7-3bit","choices":[{"index":0,"delta":{"reasoning_content":" in"}}]}

data: {"id":"chatcmpl-01f39358","object":"chat.completion.chunk","created":1785523804,"model":"MiniMax-M2.7-3bit","choices":[{"index":0,"delta":{"reasoning_content":" 196"}}]}

data: {"id":"chatcmpl-01f39358","object":"chat.completion.chunk","created":1785523804,"model":"MiniMax-M2.7-3bit","choices":[{"index":0,"delta":{"reasoning_content":"0"}}]}

data: {"id":"chatcmpl-01f39358","object":"chat.completion.chunk","created":1785523804,"model":"MiniMax-M2.7-3bit","choices":[{"index":0,"delta":{"reasoning_content":"s"}}]}

data: {"id":"chatcmpl-01f39358","object":"chat.completion.chunk","created":1785523804,"model":"MiniMax-M2.7-3bit","choices":[{"index":0,"delta":{"reasoning_content":".\n"}}]}

data: {"id":"chatcmpl-01f39358","object":"chat.completion.chunk","created":1785523805,"model":"MiniMax-M2.7-3bit","choices":[{"index":0,"delta":{"reasoning_content":"5"}}]}

data: {"id":"chatcmpl-01f39358","object":"chat.completion.chunk","created":1785523805,"model":"MiniMax-M2.7-3bit","choices":[{"index":0,"delta":{"reasoning_content":"."}}]}

data: {"id":"chatcmpl-01f39358","object":"chat.completion.chunk","created":1785523805,"model":"MiniMax-M2.7-3bit","choices":[{"index":0,"delta":{"reasoning_content":" Establishment"}}]}

data: {"id":"chatcmpl-01f39358","object":"chat.completion.chunk","created":1785523805,"model":"MiniMax-M2.7-3bit","choices":[{"index":0,"delta":{"reasoning_content":" of"}}]}

data: {"id":"chatcmpl-01f39358","object":"chat.completion.chunk","created":1785523805,"model":"MiniMax-M2.7-3bit","choices":[{"index":0,"delta":{"reasoning_content":" ISO"}}]}

data: {"id":"chatcmpl-01f39358","object":"chat.completion.chunk","created":1785523805,"model":"MiniMax-M2.7-3bit","choices":[{"index":0,"delta":{"reasoning_content":" containers"}}]}

data: {"id":"chatcmpl-01f39358","object":"chat.completion.chunk","created":1785523805,"model":"MiniMax-M2.7-3bit","choices":[{"index":0,"delta":{"reasoning_content":" in"}}]}

data: {"id":"chatcmpl-01f39358","object":"chat.completion.chunk","created":1785523805,"model":"MiniMax-M2.7-3bit","choices":[{"index":0,"delta":{"reasoning_content":" 196"}}]}

data: {"id":"chatcmpl-01f39358","object":"chat.completion.chunk","created":1785523805,"model":"MiniMax-M2.7-3bit","choices":[{"index":0,"delta":{"reasoning_content":"8"}}]}

data: {"id":"chatcmpl-01f39358","object":"chat.completion.chunk","created":1785523805,"model":"MiniMax-M2.7-3bit","choices":[{"index":0,"delta":{"reasoning_content":" ("}}]}

data: {"id":"chatcmpl-01f39358","object":"chat.completion.chunk","created":1785523805,"model":"MiniMax-M2.7-3bit","choices":[{"index":0,"delta":{"reasoning_content":"or"}}]}

data: {"id":"chatcmpl-01f39358","object":"chat.completion.chunk","created":1785523805,"model":"MiniMax-M2.7-3bit","choices":[{"index":0,"delta":{"reasoning_content":" mid"}}]}

data: {"id":"chatcmpl-01f39358","object":"chat.completion.chunk","created":1785523805,"model":"MiniMax-M2.7-3bit","choices":[{"index":0,"delta":{"reasoning_content":"-"}}]}

data: {"id":"chatcmpl-01f39358","object":"chat.completion.chunk","created":1785523805,"model":"MiniMax-M2.7-3bit","choices":[{"index":0,"delta":{"reasoning_content":"197"}}]}

data: {"id":"chatcmpl-01f39358","object":"chat.completion.chunk","created":1785523805,"model":"MiniMax-M2.7-3bit","choices":[{"index":0,"delta":{"reasoning_content":"0"}}]}

data: {"id":"chatcmpl-01f39358","object":"chat.completion.chunk","created":1785523805,"model":"MiniMax-M2.7-3bit","choices":[{"index":0,"delta":{"reasoning_content":"s"}}]}

data: {"id":"chatcmpl-01f39358","object":"chat.completion.chunk","created":1785523805,"model":"MiniMax-M2.7-3bit","choices":[{"index":0,"delta":{"reasoning_content":").\n"}}]}

data: {"id":"chatcmpl-01f39358","object":"chat.completion.chunk","created":1785523806,"model":"MiniMax-M2.7-3bit","choices":[{"index":0,"delta":{"reasoning_content":"6"}}]}

data: {"id":"chatcmpl-01f39358","object":"chat.completion.chunk","created":1785523806,"model":"MiniMax-M2.7-3bit","choices":[{"index":0,"delta":{"reasoning_content":"."}}]}

data: {"id":"chatcmpl-01f39358","object":"chat.completion.chunk","created":1785523806,"model":"MiniMax-M2.7-3bit","choices":[{"index":0,"delta":{"reasoning_content":" Container"}}]}

data: {"id":"chatcmpl-01f39358","object":"chat.completion.chunk","created":1785523806,"model":"MiniMax-M2.7-3bit","choices":[{"index":0,"delta":{"reasoning_content":" ports"}}]}

data: {"id":"chatcmpl-01f39358","object":"chat.completion.chunk","created":1785523806,"model":"MiniMax-M2.7-3bit","choices":[{"index":0,"delta":{"reasoning_content":" like"}}]}

data: {"id":"chatcmpl-01f39358","object":"chat.completion.chunk","created":1785523806,"model":"MiniMax-M2.7-3bit","choices":[{"index":0,"delta":{"reasoning_content":" Port"}}]}

data: {"id":"chatcmpl-01f39358","object":"chat.completion.chunk","created":1785523806,"model":"MiniMax-M2.7-3bit","choices":[{"index":0,"delta":{"reasoning_content":" of"}}]}

data: {"id":"chatcmpl-01f39358","object":"chat.completion.chunk","created":1785523806,"model":"MiniMax-M2.7-3bit","choices":[{"index":0,"delta":{"reasoning_content":" Seattle"}}]}

data: {"id":"chatcmpl-01f39358","object":"chat.completion.chunk","created":1785523806,"model":"MiniMax-M2.7-3bit","choices":[{"index":0,"delta":{"reasoning_content":","}}]}

data: {"id":"chatcmpl-01f39358","object":"chat.completion.chunk","created":1785523806,"model":"MiniMax-M2.7-3bit","choices":[{"index":0,"delta":{"reasoning_content":" Port"}}]}

data: {"id":"chatcmpl-01f39358","object":"chat.completion.chunk","created":1785523806,"model":"MiniMax-M2.7-3bit","choices":[{"index":0,"delta":{"reasoning_content":" of"}}]}

data: {"id":"chatcmpl-01f39358","object":"chat.completion.chunk","created":1785523806,"model":"MiniMax-M2.7-3bit","choices":[{"index":0,"delta":{"reasoning_content":" Rotterdam"}}]}

data: {"id":"chatcmpl-01f39358","object":"chat.completion.chunk","created":1785523806,"model":"MiniMax-M2.7-3bit","choices":[{"index":0,"delta":{"reasoning_content":","}}]}

data: {"id":"chatcmpl-01f39358","object":"chat.completion.chunk","created":1785523806,"model":"MiniMax-M2.7-3bit","choices":[{"index":0,"delta":{"reasoning_content":" etc"}}]}

data: {"id":"chatcmpl-01f39358","object":"chat.completion.chunk","created":1785523806,"model":"MiniMax-M2.7-3bit","choices":[{"index":0,"delta":{"reasoning_content":" and"}}]}

data: {"id":"chatcmpl-01f39358","object":"chat.completion.chunk","created":1785523806,"model":"MiniMax-M2.7-3bit","choices":[{"index":0,"delta":{"reasoning_content":" modernization"}}]}

data: {"id":"chatcmpl-01f39358","object":"chat.completion.chunk","created":1785523806,"model":"MiniMax-M2.7-3bit","choices":[{"index":0,"delta":{"reasoning_content":" of"}}]}

data: {"id":"chatcmpl-01f39358","object":"chat.completion.chunk","created":1785523806,"model":"MiniMax-M2.7-3bit","choices":[{"index":0,"delta":{"reasoning_content":" cargo"}}]}

data: {"id":"chatcmpl-01f39358","object":"chat.completion.chunk","created":1785523807,"model":"MiniMax-M2.7-3bit","choices":[{"index":0,"delta":{"reasoning_content":" handling"}}]}

data: {"id":"chatcmpl-01f39358","object":"chat.completion.chunk","created":1785523807,"model":"MiniMax-M2.7-3bit","choices":[{"index":0,"delta":{"reasoning_content":".\n"}}]}

data: {"id":"chatcmpl-01f39358","object":"chat.completion.chunk","created":1785523807,"model":"MiniMax-M2.7-3bit","choices":[{"index":0,"delta":{"reasoning_content":"7"}}]}

data: {"id":"chatcmpl-01f39358","object":"chat.completion.chunk","created":1785523807,"model":"MiniMax-M2.7-3bit","choices":[{"index":0,"delta":{"reasoning_content":"."}}]}

data: {"id":"chatcmpl-01f39358","object":"chat.completion.chunk","created":1785523807,"model":"MiniMax-M2.7-3bit","choices":[{"index":0,"delta":{"reasoning_content":" Container"}}]}

data: {"id":"chatcmpl-01f39358","object":"chat.completion.chunk","created":1785523807,"model":"MiniMax-M2.7-3bit","choices":[{"index":0,"delta":{"reasoning_content":"ization"}}]}

data: {"id":"chatcmpl-01f39358","object":"chat.completion.chunk","created":1785523807,"model":"MiniMax-M2.7-3bit","choices":[{"index":0,"delta":{"reasoning_content":" enabling"}}]}

data: {"id":"chatcmpl-01f39358","object":"chat.completion.chunk","created":1785523807,"model":"MiniMax-M2.7-3bit","choices":[{"index":0,"delta":{"reasoning_content":" inter"}}]}

data: {"id":"chatcmpl-01f39358","object":"chat.completion.chunk","created":1785523807,"model":"MiniMax-M2.7-3bit","choices":[{"index":0,"delta":{"reasoning_content":"modal"}}]}

data: {"id":"chatcmpl-01f39358","object":"chat.completion.chunk","created":1785523807,"model":"MiniMax-M2.7-3bit","choices":[{"index":0,"delta":{"reasoning_content":" transport"}}]}

data: {"id":"chatcmpl-01f39358","object":"chat.completion.chunk","created":1785523807,"model":"MiniMax-M2.7-3bit","choices":[{"index":0,"delta":{"reasoning_content":" and"}}]}

data: {"id":"chatcmpl-01f39358","object":"chat.completion.chunk","created":1785523807,"model":"MiniMax-M2.7-3bit","choices":[{"index":0,"delta":{"reasoning_content":" door"}}]}

data: {"id":"chatcmpl-01f39358","object":"chat.completion.chunk","created":1785523807,"model":"MiniMax-M2.7-3bit","choices":[{"index":0,"delta":{"reasoning_content":"-to"}}]}

data: {"id":"chatcmpl-01f39358","object":"chat.completion.chunk","created":1785523807,"model":"MiniMax-M2.7-3bit","choices":[{"index":0,"delta":{"reasoning_content":"-door"}}]}

data: {"id":"chatcmpl-01f39358","object":"chat.completion.chunk","created":1785523807,"model":"MiniMax-M2.7-3bit","choices":[{"index":0,"delta":{"reasoning_content":" delivery"}}]}

data: {"id":"chatcmpl-01f39358","object":"chat.completion.chunk","created":1785523807,"model":"MiniMax-M2.7-3bit","choices":[{"index":0,"delta":{"reasoning_content":".\n"}}]}

data: {"id":"chatcmpl-01f39358","object":"chat.completion.chunk","created":1785523807,"model":"MiniMax-M2.7-3bit","choices":[{"index":0,"delta":{"reasoning_content":"8"}}]}

data: {"id":"chatcmpl-01f39358","object":"chat.completion.chunk","created":1785523807,"model":"MiniMax-M2.7-3bit","choices":[{"index":0,"delta":{"reasoning_content":"."}}]}

data: {"id":"chatcmpl-01f39358","object":"chat.completion.chunk","created":1785523807,"model":"MiniMax-M2.7-3bit","choices":[{"index":0,"delta":{"reasoning_content":" Global"}}]}

data: {"id":"chatcmpl-01f39358","object":"chat.completion.chunk","created":1785523808,"model":"MiniMax-M2.7-3bit","choices":[{"index":0,"delta":{"reasoning_content":" container"}}]}

data: {"id":"chatcmpl-01f39358","object":"chat.completion.chunk","created":1785523808,"model":"MiniMax-M2.7-3bit","choices":[{"index":0,"delta":{"reasoning_content":" boom"}}]}

data: {"id":"chatcmpl-01f39358","object":"chat.completion.chunk","created":1785523808,"model":"MiniMax-M2.7-3bit","choices":[{"index":0,"delta":{"reasoning_content":" in"}}]}

data: {"id":"chatcmpl-01f39358","object":"chat.completion.chunk","created":1785523808,"model":"MiniMax-M2.7-3bit","choices":[{"index":0,"delta":{"reasoning_content":" 197"}}]}

data: {"id":"chatcmpl-01f39358","object":"chat.completion.chunk","created":1785523808,"model":"MiniMax-M2.7-3bit","choices":[{"index":0,"delta":{"reasoning_content":"0"}}]}

data: {"id":"chatcmpl-01f39358","object":"chat.completion.chunk","created":1785523808,"model":"MiniMax-M2.7-3bit","choices":[{"index":0,"delta":{"reasoning_content":"s"}}]}

data: {"id":"chatcmpl-01f39358","object":"chat.completion.chunk","created":1785523808,"model":"MiniMax-M2.7-3bit","choices":[{"index":0,"delta":{"reasoning_content":" after"}}]}

data: {"id":"chatcmpl-01f39358","object":"chat.completion.chunk","created":1785523808,"model":"MiniMax-M2.7-3bit","choices":[{"index":0,"delta":{"reasoning_content":" standardized"}}]}

data: {"id":"chatcmpl-01f39358","object":"chat.completion.chunk","created":1785523808,"model":"MiniMax-M2.7-3bit","choices":[{"index":0,"delta":{"reasoning_content":" containers"}}]}

data: {"id":"chatcmpl-01f39358","object":"chat.completion.chunk","created":1785523808,"model":"MiniMax-M2.7-3bit","choices":[{"index":0,"delta":{"reasoning_content":" and"}}]}

data: {"id":"chatcmpl-01f39358","object":"chat.completion.chunk","created":1785523808,"model":"MiniMax-M2.7-3bit","choices":[{"index":0,"delta":{"reasoning_content":" container"}}]}

data: {"id":"chatcmpl-01f39358","object":"chat.completion.chunk","created":1785523808,"model":"MiniMax-M2.7-3bit","choices":[{"index":0,"delta":{"reasoning_content":" cranes"}}]}

data: {"id":"chatcmpl-01f39358","object":"chat.completion.chunk","created":1785523808,"model":"MiniMax-M2.7-3bit","choices":[{"index":0,"delta":{"reasoning_content":".\n"}}]}

data: {"id":"chatcmpl-01f39358","object":"chat.completion.chunk","created":1785523808,"model":"MiniMax-M2.7-3bit","choices":[{"index":0,"delta":{"reasoning_content":"9"}}]}

data: {"id":"chatcmpl-01f39358","object":"chat.completion.chunk","created":1785523808,"model":"MiniMax-M2.7-3bit","choices":[{"index":0,"delta":{"reasoning_content":"."}}]}

data: {"id":"chatcmpl-01f39358","object":"chat.completion.chunk","created":1785523808,"model":"MiniMax-M2.7-3bit","choices":[{"index":0,"delta":{"reasoning_content":" Use"}}]}

data: {"id":"chatcmpl-01f39358","object":"chat.completion.chunk","created":1785523808,"model":"MiniMax-M2.7-3bit","choices":[{"index":0,"delta":{"reasoning_content":" of"}}]}

data: {"id":"chatcmpl-01f39358","object":"chat.completion.chunk","created":1785523809,"model":"MiniMax-M2.7-3bit","choices":[{"index":0,"delta":{"reasoning_content":" container"}}]}

data: {"id":"chatcmpl-01f39358","object":"chat.completion.chunk","created":1785523809,"model":"MiniMax-M2.7-3bit","choices":[{"index":0,"delta":{"reasoning_content":"ization"}}]}

data: {"id":"chatcmpl-01f39358","object":"chat.completion.chunk","created":0,"model":"keepalive","choices":[{"index":0,"delta":{"role":"assistant","content":""},"finish_reason":null}]}

data: {"id":"chatcmpl-01f39358","object":"chat.completion.chunk","created":0,"model":"keepalive","choices":[{"index":0,"delta":{"role":"assistant","content":""},"finish_reason":null}]}

data: {"id":"chatcmpl-01f39358","object":"chat.completion.chunk","created":0,"model":"keepalive","choices":[{"index":0,"delta":{"role":"assistant","content":""},"finish_reason":null}]}

data: {"error": {"message": "rank 0 closed its reply channel", "type": "server_error"}}

data: [DONE]

end 1785523839.568401000 exit=0
